// Jest Snapshot v1, https://goo.gl/fbAQLP

exports[`PropertyStarRating component renders the UI as expected 1`] = `
<span
  className="PropertyStarRating"
/>
`;

exports[`PropertyStarRating component renders the UI as expected with no rating 1`] = `
<span
  className="PropertyStarRating"
/>
`;
