// Jest Snapshot v1, https://goo.gl/fbAQLP

exports[`Footer component renders the UI as expected 1`] = `
<div
  className="footer"
>
  <p>
    homi real estate | 2019 Ahmed @ am.
  </p>
  <ul>
    <li>
      <a
        href="http://www.facebook.com"
        rel="noopener noreferrer"
        target="_blank"
      >
        <i
          className="fab fa-facebook"
        />
      </a>
    </li>
    <li>
      <a
        href="http://www.twitter.com"
        rel="noopener noreferrer"
        target="_blank"
      >
        <i
          className="fab fa-twitter"
        />
      </a>
    </li>
    <li>
      <a
        href="http://www.instagram.com"
        rel="noopener noreferrer"
        target="_blank"
      >
        <i
          className="fab fa-instagram"
        />
      </a>
    </li>
  </ul>
</div>
`;
