// Jest Snapshot v1, https://goo.gl/fbAQLP

exports[`LoginForm component renders the UI as expected 1`] = `
<form
  className="LoginForm"
  onSubmit={[Function]}
>
  <div
    role="alert"
  />
  <div
    className="user_name"
  >
    <label
      htmlFor="LoginForm__user_name"
    >
      User name
    </label>
    <input
      className="Input "
      id="LoginForm__user_name"
      name="user_name"
      required={true}
    />
  </div>
  <div
    className="password"
  >
    <label
      htmlFor="LoginForm__password"
    >
      Password
    </label>
    <input
      className="Input "
      id="LoginForm__password"
      name="password"
      required={true}
      type="password"
    />
  </div>
  <button
    className="Button "
    style={
      Object {
        "marginBottom": 70,
      }
    }
    type="submit"
  >
    Login
  </button>
</form>
`;

exports[`LoginForm component renders the UI as expected with no props 1`] = `
<form
  className="LoginForm"
  onSubmit={[Function]}
>
  <div
    role="alert"
  />
  <div
    className="user_name"
  >
    <label
      htmlFor="LoginForm__user_name"
    >
      User name
    </label>
    <input
      className="Input "
      id="LoginForm__user_name"
      name="user_name"
      required={true}
    />
  </div>
  <div
    className="password"
  >
    <label
      htmlFor="LoginForm__password"
    >
      Password
    </label>
    <input
      className="Input "
      id="LoginForm__password"
      name="password"
      required={true}
      type="password"
    />
  </div>
  <button
    className="Button "
    style={
      Object {
        "marginBottom": 70,
      }
    }
    type="submit"
  >
    Login
  </button>
</form>
`;
