// Jest Snapshot v1, https://goo.gl/fbAQLP

exports[`PropertyPage component renders the UI as expected 1`] = `
<section
  className="Section PropertyPage"
>
  <div
    className="loading"
  />
</section>
`;
