// Jest Snapshot v1, https://goo.gl/fbAQLP

exports[`StyleIcon component renders the UI as expected 1`] = `null`;

exports[`StyleIcon component renders the UI as expected with no style 1`] = `null`;
